── AILANG_BIN=/Users/voightkampff/.pinned-ailang/ailang (AILANG v0.41.0
Commit: 24ee108
Full:   24ee1088776e21cd06a3781ed18e77f40be06db3
Built:  2026-09-21T15:50:02Z

The AI-First Programming Language
Copyright (c) 2025-2026)
── tracked-binary hygiene gate
   ✓ 0 binary blobs among 1495 tracked files
── World mission-input gate (decision ledger)
decision ledger valid: 36 rows
   World decision-ledger validated; centralized runtime currency is NOT certified here.
   ✓ toolchain floor gate: go1.26.6 >= root module floor go1.26.6
── race-detector known-positive control
go version go1.26.6 darwin/arm64
==================
WARNING: DATA RACE
Read at 0x00c00019a048 by goroutine 8:
  main.main.func1()
      /Users/voightkampff/dev/sunholo-data/.wt-world-iter220-eval/design_docs/verification/w-race-gate-blindspot/racecontrol/main.go:16 +0x88

Previous write at 0x00c00019a048 by goroutine 6:
  main.main.func1()
      /Users/voightkampff/dev/sunholo-data/.wt-world-iter220-eval/design_docs/verification/w-race-gate-blindspot/racecontrol/main.go:16 +0x98

Goroutine 8 (running) created at:
  main.main()
      /Users/voightkampff/dev/sunholo-data/.wt-world-iter220-eval/design_docs/verification/w-race-gate-blindspot/racecontrol/main.go:13 +0x6c

Goroutine 6 (finished) created at:
  main.main()
      /Users/voightkampff/dev/sunholo-data/.wt-world-iter220-eval/design_docs/verification/w-race-gate-blindspot/racecontrol/main.go:13 +0x6c
==================
==================
WARNING: DATA RACE
Write at 0x00c00019a048 by goroutine 8:
  main.main.func1()
      /Users/voightkampff/dev/sunholo-data/.wt-world-iter220-eval/design_docs/verification/w-race-gate-blindspot/racecontrol/main.go:16 +0x98

Previous write at 0x00c00019a048 by goroutine 6:
  main.main.func1()
      /Users/voightkampff/dev/sunholo-data/.wt-world-iter220-eval/design_docs/verification/w-race-gate-blindspot/racecontrol/main.go:16 +0x98

Goroutine 8 (running) created at:
  main.main()
      /Users/voightkampff/dev/sunholo-data/.wt-world-iter220-eval/design_docs/verification/w-race-gate-blindspot/racecontrol/main.go:13 +0x6c

Goroutine 6 (finished) created at:
  main.main()
      /Users/voightkampff/dev/sunholo-data/.wt-world-iter220-eval/design_docs/verification/w-race-gate-blindspot/racecontrol/main.go:13 +0x6c
==================
control finished, shared = 40000
Found 2 data race(s)
exit status 66
── go build ./...
go version go1.26.6 darwin/arm64
── focused host/evidence named-manifest gate (37 exact top-level tests)
   ✓ all 37 required top-level evidence tests passed exactly once
── go test ./... -count=1
go version go1.26.6 darwin/arm64
ok  	github.com/sunholo-data/ailang-world/cmd/ailang-worldd	9.192s
ok  	github.com/sunholo-data/ailang-world/cmd/world-publish	52.345s
ok  	github.com/sunholo-data/ailang-world/host/archive	71.558s
ok  	github.com/sunholo-data/ailang-world/host/authority	3.718s
ok  	github.com/sunholo-data/ailang-world/host/boundary	6.080s
ok  	github.com/sunholo-data/ailang-world/host/broker	122.443s
ok  	github.com/sunholo-data/ailang-world/host/canon	3.897s
ok  	github.com/sunholo-data/ailang-world/host/capsule	83.536s
ok  	github.com/sunholo-data/ailang-world/host/childenv	4.627s
ok  	github.com/sunholo-data/ailang-world/host/coordinator	27.476s
ok  	github.com/sunholo-data/ailang-world/host/daemon	138.861s
ok  	github.com/sunholo-data/ailang-world/host/evidence	7.820s
ok  	github.com/sunholo-data/ailang-world/host/hashref	5.393s
--- FAIL: TestQueryInterfaceReturnsWhileADescendantHoldsStdout (3.00s)
    iface_test.go:232: instrument: descendant pid not recorded: open /var/folders/kr/h0wr2sj94vd6ljtmsxv8jkt00000gn/T/TestQueryInterfaceReturnsWhileADescendantHoldsStdout2164291646/001/pid: no such file or directory
FAIL
FAIL	github.com/sunholo-data/ailang-world/host/pkgproj	70.838s
ok  	github.com/sunholo-data/ailang-world/host/procbound	5.847s
ok  	github.com/sunholo-data/ailang-world/host/proctest	6.017s
ok  	github.com/sunholo-data/ailang-world/host/projection	12.063s
ok  	github.com/sunholo-data/ailang-world/host/registry	5.217s
ok  	github.com/sunholo-data/ailang-world/host/replay	73.090s
ok  	github.com/sunholo-data/ailang-world/host/runbook	14.215s
ok  	github.com/sunholo-data/ailang-world/host/store	17.614s
ok  	github.com/sunholo-data/ailang-world/host/transitionreg	75.249s
ok  	github.com/sunholo-data/ailang-world/host/verifygate	106.779s
ok  	github.com/sunholo-data/ailang-world/host/workbench	7.596s
FAIL
