── AILANG_BIN=/Users/voightkampff/.pinned-ailang/ailang (AILANG v0.41.0
Commit: 24ee108
Full:   24ee1088776e21cd06a3781ed18e77f40be06db3
Built:  2026-09-21T15:50:02Z

The AI-First Programming Language
Copyright (c) 2025-2026)
── tracked-binary hygiene gate
   ✓ 0 binary blobs among 1495 tracked files
── World mission-input gate (decision ledger)
decision ledger valid: 36 rows
   World decision-ledger validated; centralized runtime currency is NOT certified here.
   ✓ toolchain floor gate: go1.26.6 >= root module floor go1.26.6
── race-detector known-positive control
go version go1.26.6 darwin/arm64
==================
WARNING: DATA RACE
Read at 0x00c00019a048 by goroutine 9:
  main.main.func1()
      /Users/voightkampff/dev/sunholo-data/.wt-world-iter220/design_docs/verification/w-race-gate-blindspot/racecontrol/main.go:16 +0x88

Previous write at 0x00c00019a048 by goroutine 7:
  main.main.func1()
      /Users/voightkampff/dev/sunholo-data/.wt-world-iter220/design_docs/verification/w-race-gate-blindspot/racecontrol/main.go:16 +0x98

Goroutine 9 (running) created at:
  main.main()
      /Users/voightkampff/dev/sunholo-data/.wt-world-iter220/design_docs/verification/w-race-gate-blindspot/racecontrol/main.go:13 +0x6c

Goroutine 7 (running) created at:
  main.main()
      /Users/voightkampff/dev/sunholo-data/.wt-world-iter220/design_docs/verification/w-race-gate-blindspot/racecontrol/main.go:13 +0x6c
==================
==================
WARNING: DATA RACE
Write at 0x00c00019a048 by goroutine 9:
  main.main.func1()
      /Users/voightkampff/dev/sunholo-data/.wt-world-iter220/design_docs/verification/w-race-gate-blindspot/racecontrol/main.go:16 +0x98

Previous write at 0x00c00019a048 by goroutine 7:
  main.main.func1()
      /Users/voightkampff/dev/sunholo-data/.wt-world-iter220/design_docs/verification/w-race-gate-blindspot/racecontrol/main.go:16 +0x98

Goroutine 9 (running) created at:
  main.main()
      /Users/voightkampff/dev/sunholo-data/.wt-world-iter220/design_docs/verification/w-race-gate-blindspot/racecontrol/main.go:13 +0x6c

Goroutine 7 (running) created at:
  main.main()
      /Users/voightkampff/dev/sunholo-data/.wt-world-iter220/design_docs/verification/w-race-gate-blindspot/racecontrol/main.go:13 +0x6c
==================
control finished, shared = 34522
Found 2 data race(s)
exit status 66
── go build ./...
go version go1.26.6 darwin/arm64
── focused host/evidence named-manifest gate (37 exact top-level tests)
   ✓ all 37 required top-level evidence tests passed exactly once
── go test ./... -count=1
go version go1.26.6 darwin/arm64
ok  	github.com/sunholo-data/ailang-world/cmd/ailang-worldd	4.052s
ok  	github.com/sunholo-data/ailang-world/cmd/world-publish	28.018s
ok  	github.com/sunholo-data/ailang-world/host/archive	34.543s
ok  	github.com/sunholo-data/ailang-world/host/authority	1.323s
ok  	github.com/sunholo-data/ailang-world/host/boundary	1.627s
ok  	github.com/sunholo-data/ailang-world/host/broker	78.200s
ok  	github.com/sunholo-data/ailang-world/host/canon	0.928s
ok  	github.com/sunholo-data/ailang-world/host/capsule	44.862s
ok  	github.com/sunholo-data/ailang-world/host/childenv	2.938s
ok  	github.com/sunholo-data/ailang-world/host/coordinator	13.882s
ok  	github.com/sunholo-data/ailang-world/host/daemon	134.217s
ok  	github.com/sunholo-data/ailang-world/host/evidence	3.026s
ok  	github.com/sunholo-data/ailang-world/host/hashref	2.342s
ok  	github.com/sunholo-data/ailang-world/host/pkgproj	36.103s
ok  	github.com/sunholo-data/ailang-world/host/procbound	2.144s
ok  	github.com/sunholo-data/ailang-world/host/proctest	1.915s
ok  	github.com/sunholo-data/ailang-world/host/projection	10.038s
ok  	github.com/sunholo-data/ailang-world/host/registry	2.955s
ok  	github.com/sunholo-data/ailang-world/host/replay	39.201s
ok  	github.com/sunholo-data/ailang-world/host/runbook	6.714s
ok  	github.com/sunholo-data/ailang-world/host/store	13.576s
ok  	github.com/sunholo-data/ailang-world/host/transitionreg	39.280s
ok  	github.com/sunholo-data/ailang-world/host/verifygate	73.940s
ok  	github.com/sunholo-data/ailang-world/host/workbench	3.783s
── go test ./... -count=1 -race -timeout 8m
go version go1.26.6 darwin/arm64
ok  	github.com/sunholo-data/ailang-world/cmd/ailang-worldd	7.906s
ok  	github.com/sunholo-data/ailang-world/cmd/world-publish	34.051s
ok  	github.com/sunholo-data/ailang-world/host/archive	42.671s
ok  	github.com/sunholo-data/ailang-world/host/authority	4.405s
ok  	github.com/sunholo-data/ailang-world/host/boundary	4.794s
ok  	github.com/sunholo-data/ailang-world/host/broker	149.560s
ok  	github.com/sunholo-data/ailang-world/host/canon	4.398s
ok  	github.com/sunholo-data/ailang-world/host/capsule	53.328s
ok  	github.com/sunholo-data/ailang-world/host/childenv	4.474s
ok  	github.com/sunholo-data/ailang-world/host/coordinator	22.986s
ok  	github.com/sunholo-data/ailang-world/host/daemon	143.863s
ok  	github.com/sunholo-data/ailang-world/host/evidence	10.689s
ok  	github.com/sunholo-data/ailang-world/host/hashref	4.851s
--- FAIL: TestQueryInterfaceReturnsWhileADescendantHoldsStdout (3.00s)
    iface_test.go:232: instrument: descendant pid not recorded: open /var/folders/kr/h0wr2sj94vd6ljtmsxv8jkt00000gn/T/TestQueryInterfaceReturnsWhileADescendantHoldsStdout2695549420/001/pid: no such file or directory
FAIL
FAIL	github.com/sunholo-data/ailang-world/host/pkgproj	40.558s
ok  	github.com/sunholo-data/ailang-world/host/procbound	5.349s
ok  	github.com/sunholo-data/ailang-world/host/proctest	5.080s
ok  	github.com/sunholo-data/ailang-world/host/projection	15.751s
ok  	github.com/sunholo-data/ailang-world/host/registry	6.600s
ok  	github.com/sunholo-data/ailang-world/host/replay	45.339s
ok  	github.com/sunholo-data/ailang-world/host/runbook	12.971s
ok  	github.com/sunholo-data/ailang-world/host/store	29.678s
ok  	github.com/sunholo-data/ailang-world/host/transitionreg	42.597s
ok  	github.com/sunholo-data/ailang-world/host/verifygate	81.342s
ok  	github.com/sunholo-data/ailang-world/host/workbench	6.678s
FAIL
