=== RUN   TestAgentCard_AbsentPrecheckSnapshotFailure
=== RUN   TestAgentCard_AbsentPrecheckSnapshotFailure/store_error
=== RUN   TestAgentCard_AbsentPrecheckSnapshotFailure/real_reader
=== RUN   TestAgentCard_AbsentPrecheckSnapshotFailure/deadline
--- PASS: TestAgentCard_AbsentPrecheckSnapshotFailure (0.01s)
    --- PASS: TestAgentCard_AbsentPrecheckSnapshotFailure/store_error (0.00s)
    --- PASS: TestAgentCard_AbsentPrecheckSnapshotFailure/real_reader (0.00s)
    --- PASS: TestAgentCard_AbsentPrecheckSnapshotFailure/deadline (0.00s)
=== RUN   TestProjectionAbsenceRaceControls
=== RUN   TestProjectionAbsenceRaceControls/true_absence
=== RUN   TestProjectionAbsenceRaceControls/present_then_absent
=== RUN   TestProjectionAbsenceRaceControls/same_text_genuine
=== RUN   TestProjectionAbsenceRaceControls/precheck_error
--- PASS: TestProjectionAbsenceRaceControls (0.00s)
    --- PASS: TestProjectionAbsenceRaceControls/true_absence (0.00s)
    --- PASS: TestProjectionAbsenceRaceControls/present_then_absent (0.00s)
    --- PASS: TestProjectionAbsenceRaceControls/same_text_genuine (0.00s)
    --- PASS: TestProjectionAbsenceRaceControls/precheck_error (0.00s)
=== RUN   TestA2A_AbsentPrecheckSnapshotFailure
=== RUN   TestA2A_AbsentPrecheckSnapshotFailure/direct
=== RUN   TestA2A_AbsentPrecheckSnapshotFailure/real_reader
--- PASS: TestA2A_AbsentPrecheckSnapshotFailure (0.00s)
    --- PASS: TestA2A_AbsentPrecheckSnapshotFailure/direct (0.00s)
    --- PASS: TestA2A_AbsentPrecheckSnapshotFailure/real_reader (0.00s)
=== RUN   TestAgentCard_AbsentHeadZeroSkills
--- PASS: TestAgentCard_AbsentHeadZeroSkills (0.00s)
=== RUN   TestAgentCard_HeadReadFailuresAre5xx
--- PASS: TestAgentCard_HeadReadFailuresAre5xx (0.00s)
=== RUN   TestAgentCard_HeadRaceAbsentThenSucceeds
--- PASS: TestAgentCard_HeadRaceAbsentThenSucceeds (0.00s)
PASS
ok  	github.com/sunholo-data/ailang-world/host/projection	0.319s
