=== RUN   TestMCPAbsentPrecheckSnapshotFailure
=== RUN   TestMCPAbsentPrecheckSnapshotFailure/list/direct
=== RUN   TestMCPAbsentPrecheckSnapshotFailure/list/real_reader
=== RUN   TestMCPAbsentPrecheckSnapshotFailure/list/same_text
=== RUN   TestMCPAbsentPrecheckSnapshotFailure/list/deadline
=== RUN   TestMCPAbsentPrecheckSnapshotFailure/invoke/direct
=== RUN   TestMCPAbsentPrecheckSnapshotFailure/invoke/real_reader
=== RUN   TestMCPAbsentPrecheckSnapshotFailure/invoke/same_text
=== RUN   TestMCPAbsentPrecheckSnapshotFailure/invoke/deadline
--- PASS: TestMCPAbsentPrecheckSnapshotFailure (0.01s)
    --- PASS: TestMCPAbsentPrecheckSnapshotFailure/list/direct (0.01s)
    --- PASS: TestMCPAbsentPrecheckSnapshotFailure/list/real_reader (0.00s)
    --- PASS: TestMCPAbsentPrecheckSnapshotFailure/list/same_text (0.00s)
    --- PASS: TestMCPAbsentPrecheckSnapshotFailure/list/deadline (0.00s)
    --- PASS: TestMCPAbsentPrecheckSnapshotFailure/invoke/direct (0.00s)
    --- PASS: TestMCPAbsentPrecheckSnapshotFailure/invoke/real_reader (0.00s)
    --- PASS: TestMCPAbsentPrecheckSnapshotFailure/invoke/same_text (0.00s)
    --- PASS: TestMCPAbsentPrecheckSnapshotFailure/invoke/deadline (0.00s)
=== RUN   TestMCPSurfaceRefusalRecovers
--- PASS: TestMCPSurfaceRefusalRecovers (0.00s)
=== RUN   TestMCPInvokeCancelAfterAdmission
--- PASS: TestMCPInvokeCancelAfterAdmission (0.00s)
=== RUN   TestMCPBoundsValidation
--- PASS: TestMCPBoundsValidation (0.00s)
=== RUN   TestMCPResolverInnerBudget
--- PASS: TestMCPResolverInnerBudget (0.00s)
=== RUN   TestMCPWireOwnershipSource
--- PASS: TestMCPWireOwnershipSource (0.00s)
=== RUN   TestMCPListExactSetPerSession
--- PASS: TestMCPListExactSetPerSession (0.00s)
=== RUN   TestMCPDenialMatrix
--- PASS: TestMCPDenialMatrix (0.00s)
=== RUN   TestMCPCallDispatch
--- PASS: TestMCPCallDispatch (0.00s)
=== RUN   TestMCPInvokeListedThenRevoked
--- PASS: TestMCPInvokeListedThenRevoked (0.00s)
=== RUN   TestMCPInvokeCanceledBeforeMint
--- PASS: TestMCPInvokeCanceledBeforeMint (0.00s)
=== RUN   TestMCPNameRoundTrip
--- PASS: TestMCPNameRoundTrip (0.00s)
=== RUN   TestMCPNameRefusal
--- PASS: TestMCPNameRefusal (0.00s)
=== RUN   TestMCPSchemaNormalization
--- PASS: TestMCPSchemaNormalization (0.00s)
=== RUN   TestProjection_ConfigValidation
--- PASS: TestProjection_ConfigValidation (0.00s)
=== RUN   TestProjection_WireOwnershipSource
    projection_test.go:1496: wire ownership pinned over 3 non-test source file(s)
--- PASS: TestProjection_WireOwnershipSource (0.00s)
=== RUN   TestProjection_NoDeadlineTampering
--- PASS: TestProjection_NoDeadlineTampering (0.00s)
PASS
ok  	github.com/sunholo-data/ailang-world/host/projection	0.363s
=== RUN   TestDaemonDependencyAllowlist
=== RUN   TestDaemonDependencyAllowlist/null_case_fails
=== RUN   TestDaemonDependencyAllowlist/classifier_separates_stdlib_from_modules
=== RUN   TestDaemonDependencyAllowlist/an_intruder_is_reported_by_name
=== RUN   TestDaemonDependencyAllowlist/daemon_core_build_graph
    daemon_test.go:962: zero-cloud allowlist enforced over 258 transitive packages for ./host/daemon/... ./cmd/ailang-worldd/...
--- PASS: TestDaemonDependencyAllowlist (0.21s)
    --- PASS: TestDaemonDependencyAllowlist/null_case_fails (0.00s)
    --- PASS: TestDaemonDependencyAllowlist/classifier_separates_stdlib_from_modules (0.00s)
    --- PASS: TestDaemonDependencyAllowlist/an_intruder_is_reported_by_name (0.00s)
    --- PASS: TestDaemonDependencyAllowlist/daemon_core_build_graph (0.21s)
=== RUN   TestAilangProtocolAdmissionIsNarrow
--- PASS: TestAilangProtocolAdmissionIsNarrow (0.00s)
=== RUN   TestMCPMountMethodSource
--- PASS: TestMCPMountMethodSource (0.00s)
=== RUN   TestMCPGetRefused
--- PASS: TestMCPGetRefused (0.01s)
=== RUN   TestMCPMountedBearerDenial
--- PASS: TestMCPMountedBearerDenial (0.00s)
PASS
ok  	github.com/sunholo-data/ailang-world/host/daemon	0.561s
