=== RUN   TestMCPWireOwnershipSource
--- PASS: TestMCPWireOwnershipSource (0.00s)
=== RUN   TestMCPListExactSetPerSession
--- PASS: TestMCPListExactSetPerSession (0.00s)
=== RUN   TestMCPDenialMatrix
--- PASS: TestMCPDenialMatrix (0.00s)
=== RUN   TestMCPCallDispatch
--- PASS: TestMCPCallDispatch (0.00s)
=== RUN   TestMCPInvokeListedThenRevoked
--- PASS: TestMCPInvokeListedThenRevoked (0.00s)
=== RUN   TestMCPInvokeCanceledBeforeMint
--- PASS: TestMCPInvokeCanceledBeforeMint (0.00s)
=== RUN   TestMCPNameRoundTrip
--- PASS: TestMCPNameRoundTrip (0.00s)
=== RUN   TestMCPNameRefusal
--- PASS: TestMCPNameRefusal (0.00s)
=== RUN   TestMCPSchemaNormalization
--- PASS: TestMCPSchemaNormalization (0.00s)
=== RUN   TestProjection_ConfigValidation
--- PASS: TestProjection_ConfigValidation (0.00s)
=== RUN   TestProjection_WireOwnershipSource
    projection_test.go:1496: wire ownership pinned over 3 non-test source file(s)
--- PASS: TestProjection_WireOwnershipSource (0.00s)
=== RUN   TestProjection_NoDeadlineTampering
--- PASS: TestProjection_NoDeadlineTampering (0.00s)
PASS
ok  	github.com/sunholo-data/ailang-world/host/projection	0.327s
# github.com/sunholo-data/ailang-world/host/daemon [github.com/sunholo-data/ailang-world/host/daemon.test]
host/daemon/mcp_test.go:66:34: undefined: clientDeadline
FAIL	github.com/sunholo-data/ailang-world/host/daemon [build failed]
FAIL
