=== RUN   TestMCPAbsentPrecheckSnapshotFailure
=== RUN   TestMCPAbsentPrecheckSnapshotFailure/list/direct
=== RUN   TestMCPAbsentPrecheckSnapshotFailure/list/real_reader
=== RUN   TestMCPAbsentPrecheckSnapshotFailure/list/same_text
=== RUN   TestMCPAbsentPrecheckSnapshotFailure/list/deadline
=== RUN   TestMCPAbsentPrecheckSnapshotFailure/invoke/direct
=== RUN   TestMCPAbsentPrecheckSnapshotFailure/invoke/real_reader
=== RUN   TestMCPAbsentPrecheckSnapshotFailure/invoke/same_text
=== RUN   TestMCPAbsentPrecheckSnapshotFailure/invoke/deadline
--- PASS: TestMCPAbsentPrecheckSnapshotFailure (0.01s)
    --- PASS: TestMCPAbsentPrecheckSnapshotFailure/list/direct (0.00s)
    --- PASS: TestMCPAbsentPrecheckSnapshotFailure/list/real_reader (0.00s)
    --- PASS: TestMCPAbsentPrecheckSnapshotFailure/list/same_text (0.00s)
    --- PASS: TestMCPAbsentPrecheckSnapshotFailure/list/deadline (0.00s)
    --- PASS: TestMCPAbsentPrecheckSnapshotFailure/invoke/direct (0.00s)
    --- PASS: TestMCPAbsentPrecheckSnapshotFailure/invoke/real_reader (0.00s)
    --- PASS: TestMCPAbsentPrecheckSnapshotFailure/invoke/same_text (0.00s)
    --- PASS: TestMCPAbsentPrecheckSnapshotFailure/invoke/deadline (0.00s)
=== RUN   TestMCPSurfaceRefusalRecovers
--- PASS: TestMCPSurfaceRefusalRecovers (0.00s)
=== RUN   TestMCPInvokeCancelAfterAdmission
--- PASS: TestMCPInvokeCancelAfterAdmission (0.00s)
=== RUN   TestMCPBoundsValidation
--- PASS: TestMCPBoundsValidation (0.00s)
=== RUN   TestMCPResolverInnerBudget
--- PASS: TestMCPResolverInnerBudget (0.00s)
=== RUN   TestMCPInvokeDeadlineFreesSlot
--- PASS: TestMCPInvokeDeadlineFreesSlot (0.12s)
=== RUN   TestMCPToolsInnerBudget
--- PASS: TestMCPToolsInnerBudget (0.00s)
=== RUN   TestMCPWireOwnershipSource
--- PASS: TestMCPWireOwnershipSource (0.00s)
=== RUN   TestMCPListExactSetPerSession
--- PASS: TestMCPListExactSetPerSession (0.00s)
=== RUN   TestMCPDenialMatrix
--- PASS: TestMCPDenialMatrix (0.00s)
=== RUN   TestMCPCallDispatch
--- PASS: TestMCPCallDispatch (0.00s)
=== RUN   TestMCPInvokeListedThenRevoked
--- PASS: TestMCPInvokeListedThenRevoked (0.00s)
=== RUN   TestMCPInvokeCanceledBeforeMint
--- PASS: TestMCPInvokeCanceledBeforeMint (0.00s)
=== RUN   TestMCPNameRoundTrip
--- PASS: TestMCPNameRoundTrip (0.00s)
=== RUN   TestMCPNameRefusal
--- PASS: TestMCPNameRefusal (0.00s)
=== RUN   TestMCPSchemaNormalization
--- PASS: TestMCPSchemaNormalization (0.00s)
PASS
ok  	github.com/sunholo-data/ailang-world/host/projection	0.481s
