internal/goarch
unsafe
internal/abi
internal/unsafeheader
internal/cpu
internal/bytealg
internal/byteorder
internal/chacha8rand
internal/coverage/rtcov
internal/godebugs
internal/goexperiment
internal/goos
internal/profilerecord
internal/runtime/atomic
internal/runtime/exithook
internal/runtime/gc
internal/runtime/sys
internal/runtime/gc/scan
internal/asan
internal/msan
internal/race
internal/runtime/math
internal/runtime/maps
internal/runtime/pprof/label
math/bits
internal/strconv
internal/stringslite
internal/trace/tracev2
runtime
internal/reflectlite
errors
sync/atomic
internal/sync
internal/synctest
sync
io
iter
unicode
unicode/utf8
bytes
internal/bisect
internal/godebug
internal/oserror
syscall
time
context
cmp
slices
strconv
encoding/base64
encoding
math
reflect
internal/fmtsort
path
io/fs
internal/filepathlite
internal/syscall/unix
internal/poll
internal/syscall/execenv
internal/testlog
os
fmt
strings
unicode/utf16
encoding/json
hash
crypto
crypto/internal/fips140deps/godebug
crypto/internal/fips140
crypto/internal/fips140/alias
crypto/internal/fips140deps/byteorder
crypto/internal/fips140deps/cpu
crypto/internal/impl
crypto/internal/fips140/sha256
crypto/internal/constanttime
crypto/internal/fips140/subtle
crypto/internal/fips140/sha3
crypto/internal/fips140/sha512
crypto/internal/fips140/hmac
crypto/internal/fips140/check
crypto/internal/fips140/aes
crypto/internal/fips140deps/time
crypto/internal/entropy/v1.0.0
crypto/internal/sysrand
crypto/internal/fips140/drbg
crypto/internal/fips140/aes/gcm
crypto/fips140
crypto/internal/fips140only
crypto/subtle
crypto/cipher
crypto/internal/boring/sig
crypto/internal/boring
crypto/sha256
encoding/hex
github.com/sunholo-data/ailang-world/host/childenv
github.com/sunholo-data/ailang-world/host/hashref
github.com/sunholo-data/ailang-world/host/procbound
path/filepath
os/exec
github.com/sunholo-data/ailang-world/host/archive
math/rand/v2
crypto/internal/randutil
crypto/internal/rand
math/rand
math/big
crypto/rand
bufio
encoding/xml
maps
os/user
archive/tar
sort
compress/flate
encoding/binary
hash/crc32
compress/gzip
regexp/syntax
regexp
github.com/sunholo-data/ailang-world/host/pkgproj
database/sql/driver
database/sql
embed
github.com/sunholo-data/ailang-world/host/canon
golang.org/x/sys/unix
github.com/dustin/go-humanize
crypto/md5
crypto/sha1
vendor/golang.org/x/net/dns/dnsmessage
internal/nettrace
weak
unique
net/netip
internal/routebsd
internal/singleflight
net
github.com/google/uuid
github.com/mattn/go-isatty
github.com/ncruces/go-strftime
modernc.org/libc/errno
modernc.org/libc/fcntl
modernc.org/libc/fts
modernc.org/libc/grp
io/ioutil
modernc.org/libc/honnef.co/go/netdb
modernc.org/libc/langinfo
modernc.org/libc/limits
modernc.org/libc/netdb
modernc.org/libc/netinet/in
modernc.org/libc/poll
modernc.org/libc/pthread
modernc.org/libc/pwd
modernc.org/libc/signal
modernc.org/libc/stdio
modernc.org/libc/stdlib
modernc.org/libc/sys/socket
modernc.org/libc/sys/stat
modernc.org/libc/sys/types
modernc.org/libc/termios
modernc.org/libc/time
modernc.org/libc/unistd
modernc.org/libc/utime
modernc.org/libc/uuid/uuid
modernc.org/libc/wctype
github.com/remyoudompheng/bigfft
modernc.org/mathutil
modernc.org/memory
os/signal
runtime/debug
modernc.org/libc
modernc.org/sqlite/lib
modernc.org/sqlite/vtab
net/url
modernc.org/sqlite
github.com/sunholo-data/ailang-world/host/store
container/list
crypto/aes
crypto/des
crypto/internal/fips140/nistec/fiat
crypto/internal/fips140/nistec
crypto/internal/fips140/ecdh
crypto/internal/fips140/edwards25519/field
crypto/ecdh
crypto/elliptic
crypto/internal/boring/bbig
crypto/internal/fips140/bigmod
crypto/internal/fips140/ecdsa
crypto/internal/fips140cache
crypto/sha3
crypto/internal/fips140hash
crypto/sha512
internal/saferio
encoding/asn1
vendor/golang.org/x/crypto/cryptobyte/asn1
vendor/golang.org/x/crypto/cryptobyte
crypto/ecdsa
crypto/internal/fips140/edwards25519
crypto/internal/fips140/ed25519
crypto/ed25519
crypto/internal/fips140/hkdf
crypto/hkdf
crypto/hmac
crypto/internal/fips140/mlkem
crypto/mlkem
vendor/golang.org/x/crypto/internal/alias
vendor/golang.org/x/crypto/chacha20
vendor/golang.org/x/crypto/internal/poly1305
vendor/golang.org/x/crypto/chacha20poly1305
crypto/hpke
crypto/internal/fips140/tls12
crypto/internal/fips140/tls13
crypto/rc4
crypto/internal/fips140/rsa
crypto/rsa
crypto/tls/internal/fips140tls
crypto/dsa
crypto/x509/internal/macos
crypto/x509/pkix
encoding/pem
crypto/x509
crypto/tls
vendor/golang.org/x/text/transform
log/internal
log
vendor/golang.org/x/text/unicode/bidi
vendor/golang.org/x/text/secure/bidirule
vendor/golang.org/x/text/unicode/norm
vendor/golang.org/x/net/idna
net/textproto
vendor/golang.org/x/net/http/httpguts
vendor/golang.org/x/net/http/httpproxy
vendor/golang.org/x/net/http2/hpack
mime
mime/quotedprintable
mime/multipart
net/http/httptrace
net/http/internal
net/http/internal/ascii
net/http/internal/httpcommon
net/http
github.com/sunholo-data/ailang-world/host/broker
github.com/sunholo-data/ailang-world/host/authority
github.com/sunholo-data/ailang-world/host/capsule
github.com/sunholo-data/ailang-world/host/registry
github.com/sunholo-data/ailang-world/host/transitionreg
github.com/sunholo-data/ailang-world/host/coordinator
github.com/sunholo-data/ailang/serveapi/protocol
github.com/sunholo-data/ailang/serveapi/protocol/hostcall
github.com/sunholo-data/ailang/serveapi/protocol/mcphttp
github.com/sunholo-data/ailang-world/host/projection
html
text/template/parse
text/template
html/template
github.com/sunholo-data/ailang-world/host/workbench
github.com/sunholo-data/ailang-world/host/daemon
flag
github.com/sunholo-data/ailang-world/cmd/ailang-worldd
