github.com/sunholo-data/ailang-world/host/childenv
github.com/sunholo-data/ailang-world/host/hashref
github.com/sunholo-data/ailang-world/host/procbound
github.com/sunholo-data/ailang-world/host/archive
github.com/sunholo-data/ailang-world/host/pkgproj
github.com/sunholo-data/ailang-world/host/canon
golang.org/x/sys/unix
github.com/dustin/go-humanize
github.com/google/uuid
github.com/mattn/go-isatty
github.com/ncruces/go-strftime
modernc.org/libc/errno
modernc.org/libc/fcntl
modernc.org/libc/fts
modernc.org/libc/grp
modernc.org/libc/honnef.co/go/netdb
modernc.org/libc/langinfo
modernc.org/libc/limits
modernc.org/libc/netdb
modernc.org/libc/netinet/in
modernc.org/libc/poll
modernc.org/libc/pthread
modernc.org/libc/pwd
modernc.org/libc/signal
modernc.org/libc/stdio
modernc.org/libc/stdlib
modernc.org/libc/sys/socket
modernc.org/libc/sys/stat
modernc.org/libc/sys/types
modernc.org/libc/termios
modernc.org/libc/time
modernc.org/libc/unistd
modernc.org/libc/utime
modernc.org/libc/uuid/uuid
modernc.org/libc/wctype
github.com/remyoudompheng/bigfft
modernc.org/mathutil
modernc.org/memory
modernc.org/libc
modernc.org/sqlite/lib
modernc.org/sqlite/vtab
modernc.org/sqlite
github.com/sunholo-data/ailang-world/host/store
github.com/sunholo-data/ailang-world/host/broker
github.com/sunholo-data/ailang-world/host/authority
github.com/sunholo-data/ailang-world/host/capsule
github.com/sunholo-data/ailang-world/host/registry
github.com/sunholo-data/ailang-world/host/transitionreg
github.com/sunholo-data/ailang-world/host/coordinator
github.com/sunholo-data/ailang/serveapi/protocol
github.com/sunholo-data/ailang-world/host/projection
github.com/sunholo-data/ailang-world/host/workbench
github.com/sunholo-data/ailang-world/host/daemon
github.com/sunholo-data/ailang-world/cmd/ailang-worldd
