=== RUN   TestMCPAbsentPrecheckSnapshotFailure
=== RUN   TestMCPAbsentPrecheckSnapshotFailure/list/direct
=== RUN   TestMCPAbsentPrecheckSnapshotFailure/list/real_reader
=== RUN   TestMCPAbsentPrecheckSnapshotFailure/list/same_text
=== RUN   TestMCPAbsentPrecheckSnapshotFailure/list/deadline
=== RUN   TestMCPAbsentPrecheckSnapshotFailure/invoke/direct
=== RUN   TestMCPAbsentPrecheckSnapshotFailure/invoke/real_reader
=== RUN   TestMCPAbsentPrecheckSnapshotFailure/invoke/same_text
=== RUN   TestMCPAbsentPrecheckSnapshotFailure/invoke/deadline
--- PASS: TestMCPAbsentPrecheckSnapshotFailure (0.15s)
    --- PASS: TestMCPAbsentPrecheckSnapshotFailure/list/direct (0.03s)
    --- PASS: TestMCPAbsentPrecheckSnapshotFailure/list/real_reader (0.02s)
    --- PASS: TestMCPAbsentPrecheckSnapshotFailure/list/same_text (0.02s)
    --- PASS: TestMCPAbsentPrecheckSnapshotFailure/list/deadline (0.02s)
    --- PASS: TestMCPAbsentPrecheckSnapshotFailure/invoke/direct (0.02s)
    --- PASS: TestMCPAbsentPrecheckSnapshotFailure/invoke/real_reader (0.02s)
    --- PASS: TestMCPAbsentPrecheckSnapshotFailure/invoke/same_text (0.02s)
    --- PASS: TestMCPAbsentPrecheckSnapshotFailure/invoke/deadline (0.02s)
=== RUN   TestMCPSurfaceRefusalRecovers
--- PASS: TestMCPSurfaceRefusalRecovers (0.03s)
=== RUN   TestMCPInvokeCancelAfterAdmission
--- PASS: TestMCPInvokeCancelAfterAdmission (0.02s)
=== RUN   TestMCPBoundsValidation
--- PASS: TestMCPBoundsValidation (0.01s)
=== RUN   TestMCPResolverInnerBudget
--- PASS: TestMCPResolverInnerBudget (0.01s)
=== RUN   TestMCPListedThenTrulyAbsent
--- PASS: TestMCPListedThenTrulyAbsent (0.02s)
=== RUN   TestMCPResolverHostFailure
--- PASS: TestMCPResolverHostFailure (0.04s)
=== RUN   TestMCPInvokeDeadlineFreesSlot
--- PASS: TestMCPInvokeDeadlineFreesSlot (0.14s)
=== RUN   TestMCPToolsInnerBudget
--- PASS: TestMCPToolsInnerBudget (0.02s)
=== RUN   TestMCPBatchAccounting
=== RUN   TestMCPBatchAccounting/repeated_rpc_id
=== RUN   TestMCPBatchAccounting/removed_between_items
--- PASS: TestMCPBatchAccounting (0.06s)
    --- PASS: TestMCPBatchAccounting/repeated_rpc_id (0.03s)
    --- PASS: TestMCPBatchAccounting/removed_between_items (0.03s)
=== RUN   TestMCPBatchConformance
=== RUN   TestMCPBatchConformance/old_versions_and_item_errors
=== RUN   TestMCPBatchConformance/whole_host_failure
=== RUN   TestMCPBatchConformance/notifications_and_bad_arrays
=== RUN   TestMCPBatchConformance/newer_versions_refuse
--- PASS: TestMCPBatchConformance (0.11s)
    --- PASS: TestMCPBatchConformance/old_versions_and_item_errors (0.05s)
    --- PASS: TestMCPBatchConformance/whole_host_failure (0.03s)
    --- PASS: TestMCPBatchConformance/notifications_and_bad_arrays (0.02s)
    --- PASS: TestMCPBatchConformance/newer_versions_refuse (0.02s)
=== RUN   TestMCPWireConformance
--- PASS: TestMCPWireConformance (0.12s)
=== RUN   TestMCPInvalidInvocationArguments
--- PASS: TestMCPInvalidInvocationArguments (0.07s)
=== RUN   TestMCPTrueAbsenceAndPublication
--- PASS: TestMCPTrueAbsenceAndPublication (0.02s)
=== RUN   TestMCPAbsentPrecheckSuccessfulInvocation
--- PASS: TestMCPAbsentPrecheckSuccessfulInvocation (0.02s)
=== RUN   TestMCPTaskEntropyFailure
--- PASS: TestMCPTaskEntropyFailure (0.02s)
=== RUN   TestMCPWireOwnershipSource
--- PASS: TestMCPWireOwnershipSource (0.00s)
=== RUN   TestMCPListExactSetPerSession
--- PASS: TestMCPListExactSetPerSession (0.02s)
=== RUN   TestMCPDenialMatrix
--- PASS: TestMCPDenialMatrix (0.02s)
=== RUN   TestMCPCallDispatch
--- PASS: TestMCPCallDispatch (0.02s)
=== RUN   TestMCPInvokeListedThenRevoked
--- PASS: TestMCPInvokeListedThenRevoked (0.02s)
=== RUN   TestMCPInvokeCanceledBeforeMint
--- PASS: TestMCPInvokeCanceledBeforeMint (0.02s)
=== RUN   TestMCPNameRoundTrip
--- PASS: TestMCPNameRoundTrip (0.00s)
=== RUN   TestMCPNameRefusal
--- PASS: TestMCPNameRefusal (0.00s)
=== RUN   TestMCPSchemaNormalization
--- PASS: TestMCPSchemaNormalization (0.00s)
PASS
ok  	github.com/sunholo-data/ailang-world/host/projection	2.485s
=== RUN   TestMCPPostBudgetProductionConstants
=== RUN   TestMCPPostBudgetProductionConstants/single
    mcp_budget_test.go:229: production clocks3/10/20/30 elapsed=20.0029915s write=20.002021833s resolverHeld=2.80207875s toolsHeld=9.802067875s N/K/J=1/1/1 admissions=2 commits=0
=== RUN   TestMCPPostBudgetProductionConstants/batch
    mcp_budget_test.go:229: production clocks3/10/20/30 elapsed=20.003348708s write=20.002741416s resolverHeld=2.801126334s toolsHeld=9.802087333s N/K/J=3/2/2 admissions=3 commits=1
--- PASS: TestMCPPostBudgetProductionConstants (42.05s)
    --- PASS: TestMCPPostBudgetProductionConstants/single (21.07s)
    --- PASS: TestMCPPostBudgetProductionConstants/batch (20.98s)
=== RUN   TestMCPLateBodySocketResidual
    mcp_budget_test.go:317: late-body residual elapsed=30.001345125s bytes=0: no universal20s wall-clock claim
--- PASS: TestMCPLateBodySocketResidual (30.98s)
=== RUN   TestMCPCrossSurfaceExactSet
--- PASS: TestMCPCrossSurfaceExactSet (1.09s)
=== RUN   TestMCPAmbientExportsAbsent
--- PASS: TestMCPAmbientExportsAbsent (1.05s)
=== RUN   TestMCPQuickstartPayloadsVerbatim
    mcp_cross_test.go:168: VERBATIM payload={"jsonrpc":"2.0","id":1,"method":"tools/list"}
        HTTP 200 Content-Type:text/event-stream
        event: message
        data: {"jsonrpc":"2.0","id":1,"result":{"tools":[{"name":"tools_decho","description":"E2E echo","inputSchema":{"type":"object"},"outputSchema":{"type":"object"}}]}}

    mcp_cross_test.go:168: VERBATIM payload={"jsonrpc":"2.0","id":2,"method":"tools/call","params":{"name":"tools_decho","arguments":{"message":"hello"}}}
        HTTP 200 Content-Type:text/event-stream
        event: message
        data: {"jsonrpc":"2.0","id":2,"result":{"content":[{"type":"text","text":"{\"echo\":{\"message\":\"hello\"}}"}],"structuredContent":{"echo":{"message":"hello"}}}}

    mcp_cross_test.go:168: VERBATIM payload=[{"jsonrpc":"2.0","id":3,"method":"tools/call","params":{"name":"tools_decho","arguments":{"message":"first"}}},{"jsonrpc":"2.0","id":3,"method":"tools/call","params":{"name":"tools_decho","arguments":{"message":"second"}}}]
        HTTP 200 Content-Type:text/event-stream
        event: message
        data: [{"jsonrpc":"2.0","id":3,"result":{"content":[{"type":"text","text":"{\"echo\":{\"message\":\"first\"}}"}],"structuredContent":{"echo":{"message":"first"}}}},{"jsonrpc":"2.0","id":3,"result":{"content":[{"type":"text","text":"{\"echo\":{\"message\":\"second\"}}"}],"structuredContent":{"echo":{"message":"second"}}}}]

    mcp_cross_test.go:175: journal entry=1 hash=sha256:c4935d14f5c0da25a3dda928737c1636381d0a6548ad2b1d4a1fe232d73106a3 transition=sha256:320a8e4f1733395ffba6998682a6c3c8ffd71fa01fcdec5e2d59a18376686046
    mcp_cross_test.go:175: journal entry=2 hash=sha256:41d0e4571b81c671e43bd8f9ac3c2d346eb559511ae50cfb720d408c19eb05e6 transition=sha256:0f0b07b791a8c1d90e8a21abeb1ff98bd75e3b2fe7b72b23b22748fccc1ddcc0
    mcp_cross_test.go:175: journal entry=3 hash=sha256:dc6d1b00940b655e2f5ae37997d5b83d2bc26cf45bd9d6d7f98d86d91b08ff60 transition=sha256:b9f33d03301ca716cadb85183326a59a9579e4dd7edf90bd7c8b18d2c5775175
--- PASS: TestMCPQuickstartPayloadsVerbatim (1.28s)
=== RUN   TestMCPToolsListMatchesAgentCard
--- PASS: TestMCPToolsListMatchesAgentCard (1.05s)
=== RUN   TestMCPMountMethodSource
--- PASS: TestMCPMountMethodSource (0.00s)
=== RUN   TestMCPGetRefused
--- PASS: TestMCPGetRefused (0.03s)
=== RUN   TestMCPMountedBearerDenial
--- PASS: TestMCPMountedBearerDenial (0.02s)
=== RUN   TestMCPDaemonBudgetWiring
--- PASS: TestMCPDaemonBudgetWiring (0.01s)
PASS
ok  	github.com/sunholo-data/ailang-world/host/daemon	79.110s
