=== RUN   TestMCPAbsentPrecheckSnapshotFailure
=== RUN   TestMCPAbsentPrecheckSnapshotFailure/list/direct
=== RUN   TestMCPAbsentPrecheckSnapshotFailure/list/real_reader
=== RUN   TestMCPAbsentPrecheckSnapshotFailure/list/same_text
=== RUN   TestMCPAbsentPrecheckSnapshotFailure/list/deadline
=== RUN   TestMCPAbsentPrecheckSnapshotFailure/invoke/direct
    mcp_absence_test.go:78: whole host envelope=200 event: message
        data: {"jsonrpc":"2.0","id":7,"result":{"content":[{"type":"text","text":"{\"ok\":true}"}],"structuredContent":{"ok":true}}}

         want {"jsonrpc":"2.0","id":7,"error":{"code":-32603,"message":"host callback failed"}}
=== RUN   TestMCPAbsentPrecheckSnapshotFailure/invoke/real_reader
    mcp_absence_test.go:78: whole host envelope=200 event: message
        data: {"jsonrpc":"2.0","id":7,"result":{"content":[{"type":"text","text":"{\"ok\":true}"}],"structuredContent":{"ok":true}}}

         want {"jsonrpc":"2.0","id":7,"error":{"code":-32603,"message":"host callback failed"}}
=== RUN   TestMCPAbsentPrecheckSnapshotFailure/invoke/same_text
    mcp_absence_test.go:78: whole host envelope=200 event: message
        data: {"jsonrpc":"2.0","id":7,"result":{"content":[{"type":"text","text":"{\"ok\":true}"}],"structuredContent":{"ok":true}}}

         want {"jsonrpc":"2.0","id":7,"error":{"code":-32603,"message":"host callback failed"}}
=== RUN   TestMCPAbsentPrecheckSnapshotFailure/invoke/deadline
    mcp_absence_test.go:78: whole host envelope=200 event: message
        data: {"jsonrpc":"2.0","id":7,"result":{"content":[{"type":"text","text":"{\"ok\":true}"}],"structuredContent":{"ok":true}}}

         want {"jsonrpc":"2.0","id":7,"error":{"code":-32603,"message":"host callback timed out"}}
--- FAIL: TestMCPAbsentPrecheckSnapshotFailure (0.01s)
    --- PASS: TestMCPAbsentPrecheckSnapshotFailure/list/direct (0.00s)
    --- PASS: TestMCPAbsentPrecheckSnapshotFailure/list/real_reader (0.00s)
    --- PASS: TestMCPAbsentPrecheckSnapshotFailure/list/same_text (0.00s)
    --- PASS: TestMCPAbsentPrecheckSnapshotFailure/list/deadline (0.00s)
    --- FAIL: TestMCPAbsentPrecheckSnapshotFailure/invoke/direct (0.00s)
    --- FAIL: TestMCPAbsentPrecheckSnapshotFailure/invoke/real_reader (0.00s)
    --- FAIL: TestMCPAbsentPrecheckSnapshotFailure/invoke/same_text (0.00s)
    --- FAIL: TestMCPAbsentPrecheckSnapshotFailure/invoke/deadline (0.00s)
=== RUN   TestMCPSurfaceRefusalRecovers
--- PASS: TestMCPSurfaceRefusalRecovers (0.00s)
=== RUN   TestMCPInvokeCancelAfterAdmission
    mcp_absence_test.go:143: after-admission cancellation err=projection: transition is not authorized mint=0 runs=0
--- FAIL: TestMCPInvokeCancelAfterAdmission (0.00s)
=== RUN   TestMCPBoundsValidation
--- PASS: TestMCPBoundsValidation (0.00s)
=== RUN   TestMCPResolverInnerBudget
--- PASS: TestMCPResolverInnerBudget (0.00s)
=== RUN   TestMCPInvokeDeadlineFreesSlot
--- PASS: TestMCPInvokeDeadlineFreesSlot (0.12s)
=== RUN   TestMCPToolsInnerBudget
--- PASS: TestMCPToolsInnerBudget (0.00s)
=== RUN   TestMCPBatchAccounting
=== RUN   TestMCPBatchAccounting/repeated_rpc_id
    mcp_conformance_test.go:140: K+1 admissions/runs/overlap=1/2/1
=== RUN   TestMCPBatchAccounting/removed_between_items
    mcp_conformance_test.go:156: stale batch invocation runs=2 reads=1 wire=event: message
        data: [{"jsonrpc":"2.0","id":7,"result":{"content":[{"type":"text","text":"{\"ok\":true}"}],"structuredContent":{"ok":true}}},{"jsonrpc":"2.0","id":7,"result":{"content":[{"type":"text","text":"{\"ok\":true}"}],"structuredContent":{"ok":true}}}]

--- FAIL: TestMCPBatchAccounting (0.02s)
    --- FAIL: TestMCPBatchAccounting/repeated_rpc_id (0.01s)
    --- FAIL: TestMCPBatchAccounting/removed_between_items (0.01s)
=== RUN   TestMCPBatchConformance
=== RUN   TestMCPBatchConformance/old_versions_and_item_errors
=== RUN   TestMCPBatchConformance/whole_host_failure
=== RUN   TestMCPBatchConformance/notifications_and_bad_arrays
=== RUN   TestMCPBatchConformance/newer_versions_refuse
--- PASS: TestMCPBatchConformance (0.01s)
    --- PASS: TestMCPBatchConformance/old_versions_and_item_errors (0.01s)
    --- PASS: TestMCPBatchConformance/whole_host_failure (0.00s)
    --- PASS: TestMCPBatchConformance/notifications_and_bad_arrays (0.00s)
    --- PASS: TestMCPBatchConformance/newer_versions_refuse (0.00s)
=== RUN   TestMCPWireConformance
--- PASS: TestMCPWireConformance (0.01s)
=== RUN   TestMCPInvalidInvocationArguments
--- PASS: TestMCPInvalidInvocationArguments (0.00s)
=== RUN   TestMCPTrueAbsenceAndPublication
--- PASS: TestMCPTrueAbsenceAndPublication (0.00s)
=== RUN   TestMCPTaskEntropyFailure
--- PASS: TestMCPTaskEntropyFailure (0.00s)
=== RUN   TestMCPWireOwnershipSource
--- PASS: TestMCPWireOwnershipSource (0.00s)
=== RUN   TestMCPListExactSetPerSession
--- PASS: TestMCPListExactSetPerSession (0.00s)
=== RUN   TestMCPDenialMatrix
--- PASS: TestMCPDenialMatrix (0.00s)
=== RUN   TestMCPCallDispatch
--- PASS: TestMCPCallDispatch (0.00s)
=== RUN   TestMCPInvokeListedThenRevoked
    mcp_test.go:167: revoked dispatch=1 reads=1 wire=event: message
        data: {"jsonrpc":"2.0","id":7,"result":{"content":[{"type":"text","text":"{\"ok\":true}"}],"structuredContent":{"ok":true}}}

--- FAIL: TestMCPInvokeListedThenRevoked (0.00s)
=== RUN   TestMCPInvokeCanceledBeforeMint
--- PASS: TestMCPInvokeCanceledBeforeMint (0.00s)
=== RUN   TestMCPNameRoundTrip
--- PASS: TestMCPNameRoundTrip (0.00s)
=== RUN   TestMCPNameRefusal
--- PASS: TestMCPNameRefusal (0.00s)
=== RUN   TestMCPSchemaNormalization
--- PASS: TestMCPSchemaNormalization (0.00s)
FAIL
FAIL	github.com/sunholo-data/ailang-world/host/projection	0.394s
FAIL
