ok  	github.com/sunholo-data/ailang-world/cmd/ailang-worldd	1.384s
ok  	github.com/sunholo-data/ailang-world/cmd/world-publish	12.680s
ok  	github.com/sunholo-data/ailang-world/host/archive	6.437s
ok  	github.com/sunholo-data/ailang-world/host/authority	0.445s
ok  	github.com/sunholo-data/ailang-world/host/boundary	1.444s
ok  	github.com/sunholo-data/ailang-world/host/broker	68.399s
ok  	github.com/sunholo-data/ailang-world/host/canon	0.248s
ok  	github.com/sunholo-data/ailang-world/host/capsule	18.576s
ok  	github.com/sunholo-data/ailang-world/host/childenv	0.249s
ok  	github.com/sunholo-data/ailang-world/host/coordinator	3.888s
ok  	github.com/sunholo-data/ailang-world/host/daemon	13.424s
ok  	github.com/sunholo-data/ailang-world/host/evidence	1.722s
ok  	github.com/sunholo-data/ailang-world/host/hashref	0.255s
ok  	github.com/sunholo-data/ailang-world/host/pkgproj	12.838s
ok  	github.com/sunholo-data/ailang-world/host/procbound	0.338s
ok  	github.com/sunholo-data/ailang-world/host/proctest	0.239s
ok  	github.com/sunholo-data/ailang-world/host/projection	7.214s
ok  	github.com/sunholo-data/ailang-world/host/registry	0.296s
ok  	github.com/sunholo-data/ailang-world/host/replay	14.756s
ok  	github.com/sunholo-data/ailang-world/host/runbook	0.981s
ok  	github.com/sunholo-data/ailang-world/host/store	14.015s
ok  	github.com/sunholo-data/ailang-world/host/transitionreg	4.497s
ok  	github.com/sunholo-data/ailang-world/host/verifygate	174.896s
ok  	github.com/sunholo-data/ailang-world/host/workbench	0.336s
