=== RUN   TestMCPListExactSetPerSession
--- PASS: TestMCPListExactSetPerSession (0.01s)
=== RUN   TestMCPDenialMatrix
    mcp_test.go:137: mint: authority: mint: no grants
--- FAIL: TestMCPDenialMatrix (0.00s)
=== RUN   TestMCPCallDispatch
--- PASS: TestMCPCallDispatch (0.00s)
=== RUN   TestMCPInvokeListedThenRevoked
--- PASS: TestMCPInvokeListedThenRevoked (0.00s)
=== RUN   TestMCPInvokeCanceledBeforeMint
--- PASS: TestMCPInvokeCanceledBeforeMint (0.00s)
=== RUN   TestMCPNameRoundTrip
--- PASS: TestMCPNameRoundTrip (0.00s)
=== RUN   TestMCPNameRefusal
--- PASS: TestMCPNameRefusal (0.00s)
=== RUN   TestMCPSchemaNormalization
--- PASS: TestMCPSchemaNormalization (0.00s)
FAIL
FAIL	github.com/sunholo-data/ailang-world/host/projection	0.331s
FAIL
