── legs 1-2 AILANG_BIN=/Users/voightkampff/.pinned-ailang/ailang (AILANG v0.41.0)
── Leg 1: ai-check required-check manifest
   ✓ swept .ail module set equals the LEG1_MODULES allowlist (11 modules)
   ai-check design_docs/sketches/effectbroker.ail
   ai-check design_docs/sketches/logepoch.ail
   ai-check design_docs/sketches/storejournal.ail
   ai-check design_docs/sketches/transitions.ail
   ai-check design_docs/sketches/worlddapi.ail
   ai-check design_docs/sketches/worldkernel.ail
   ai-check design_docs/sketches/worldtypes.ail
   ai-check world/contracts.ail
   ai-check world/logepoch.ail
   ai-check world/transitions.ail
   ai-check world/types.ail
   ✓ 16/16 required world/ identities verified across 11 module(s)
── Leg 2: named inline tests
   ✓ all 40 required named tests pass (failed_tests=0)
── Leg 3: world package nine-step gate
── World package step 1/9: required paths
   ✓ package, manifest, smoke, and 4 allowlisted modules exist
── World package step 2/9: exact .ail allowlist
   ✓ find observed exactly 5 expected .ail files; no unexpected .ail file exists
── World package step 3/9: projection SHA-256 equality
   ✓ 4/4 projection hashes equal their canonical sources
── World package step 4/9: frozen manifest
   ✓ exact package fields, 4 exports, and empty effects
── World package step 5/9: package check and tests
   ✓ package check passed and tests reported 43 activity line(s)
   ✓ exactly 9 skips, all no-generator, all named (upstream M4 / cross-file derive gap)
── World package step 6/9: bounded smoke execution
   ✓ plan → verify → commit smoke completed within 30s
── World package step 7/9: dry-run identity and full pkgproj hashes
panic: ailang publish --dry-run: exit status 1: stdout: Publishing world/core@0.1.1...
	→ quality world/core@0.1.1 (-)
	  compile:   ✓ 5 files
	  contracts: ✓ 16/16 verified, 0 refuted, 3 uncontracted exports (1.3s)
	  interface: ✓ v2 b25fe03155db… (53 signatures)
	  effects:   max []  rank_max -  ceiling_declared true
	  release:   kind feature  changelog_section true
	  docs:      AGENT.md false  ai_summary true
	  style:     19 exported funcs, 19 pure (100%)
	  tests:     [attested] 0 files, 0 passed, 0 failed — no *_test.ail files; inline test blocks are not yet discovered in package mode (m-package-test-discovery)
	  smoke:     [attested] present true passed false

	  ✗ PUB015 _smoke.ail failed
	  ⚠ PUB011 3 exported function(s) carry no contract
	  · PUB020 no AGENT.md — agents get no usage guidance for this package
	  · PUB012 no tests discovered (*_test.ail or inline test blocks)

	✗ 1 gate(s) — publish would be refused
	: stderr: Error: publish blocked by 1 quality gate(s) — see PUB codes above (ailang pkg quality --json . for the report)


goroutine 1 [running]:
main.main()
	/var/folders/kr/h0wr2sj94vd6ljtmsxv8jkt00000gn/T/world_pkgproj.XXXXXX.wjo5ih98dl.go:14 +0x550
exit status 2
