── AILANG_BIN=/Users/voightkampff/.pinned-ailang/ailang (AILANG v0.41.0
Commit: 24ee108
Full:   24ee1088776e21cd06a3781ed18e77f40be06db3
Built:  2026-09-21T15:50:02Z

The AI-First Programming Language
Copyright (c) 2025-2026)
── tracked-binary hygiene gate
   ✓ 0 binary blobs among 559 tracked files
── World mission-input gate (decision ledger)
decision ledger valid: 35 rows
   World decision-ledger validated; centralized runtime currency is NOT certified here.
   ✓ toolchain floor gate: go1.26.6 >= root module floor go1.26.6
── race-detector known-positive control
go version go1.26.6 darwin/arm64
==================
WARNING: DATA RACE
Read at 0x00c00018a048 by goroutine 9:
  main.main.func1()
      /Users/voightkampff/dev/sunholo-data/.wt-world-iter217/design_docs/verification/w-race-gate-blindspot/racecontrol/main.go:16 +0x88

Previous write at 0x00c00018a048 by goroutine 7:
  main.main.func1()
      /Users/voightkampff/dev/sunholo-data/.wt-world-iter217/design_docs/verification/w-race-gate-blindspot/racecontrol/main.go:16 +0x98

Goroutine 9 (running) created at:
  main.main()
      /Users/voightkampff/dev/sunholo-data/.wt-world-iter217/design_docs/verification/w-race-gate-blindspot/racecontrol/main.go:13 +0x6c

Goroutine 7 (running) created at:
  main.main()
      /Users/voightkampff/dev/sunholo-data/.wt-world-iter217/design_docs/verification/w-race-gate-blindspot/racecontrol/main.go:13 +0x6c
==================
==================
WARNING: DATA RACE
Write at 0x00c00018a048 by goroutine 9:
  main.main.func1()
      /Users/voightkampff/dev/sunholo-data/.wt-world-iter217/design_docs/verification/w-race-gate-blindspot/racecontrol/main.go:16 +0x98

Previous write at 0x00c00018a048 by goroutine 7:
  main.main.func1()
      /Users/voightkampff/dev/sunholo-data/.wt-world-iter217/design_docs/verification/w-race-gate-blindspot/racecontrol/main.go:16 +0x98

Goroutine 9 (running) created at:
  main.main()
      /Users/voightkampff/dev/sunholo-data/.wt-world-iter217/design_docs/verification/w-race-gate-blindspot/racecontrol/main.go:13 +0x6c

Goroutine 7 (running) created at:
  main.main()
      /Users/voightkampff/dev/sunholo-data/.wt-world-iter217/design_docs/verification/w-race-gate-blindspot/racecontrol/main.go:13 +0x6c
==================
control finished, shared = 35222
Found 2 data race(s)
exit status 66
── go build ./...
go version go1.26.6 darwin/arm64
── focused host/evidence named-manifest gate (37 exact top-level tests)
   ✓ all 37 required top-level evidence tests passed exactly once
── go test ./... -count=1
go version go1.26.6 darwin/arm64
ok  	github.com/sunholo-data/ailang-world/cmd/ailang-worldd	4.991s
ok  	github.com/sunholo-data/ailang-world/cmd/world-publish	24.579s
ok  	github.com/sunholo-data/ailang-world/host/archive	27.039s
ok  	github.com/sunholo-data/ailang-world/host/authority	1.897s
ok  	github.com/sunholo-data/ailang-world/host/boundary	2.432s
ok  	github.com/sunholo-data/ailang-world/host/broker	116.060s
ok  	github.com/sunholo-data/ailang-world/host/canon	1.039s
ok  	github.com/sunholo-data/ailang-world/host/capsule	51.430s
ok  	github.com/sunholo-data/ailang-world/host/childenv	1.470s
ok  	github.com/sunholo-data/ailang-world/host/coordinator	17.620s
ok  	github.com/sunholo-data/ailang-world/host/daemon	48.590s
ok  	github.com/sunholo-data/ailang-world/host/evidence	4.776s
ok  	github.com/sunholo-data/ailang-world/host/hashref	3.108s
--- FAIL: TestQueryInterfaceReturnsWhileADescendantHoldsStdout (3.00s)
    iface_test.go:232: instrument: descendant pid not recorded: open /var/folders/kr/h0wr2sj94vd6ljtmsxv8jkt00000gn/T/TestQueryInterfaceReturnsWhileADescendantHoldsStdout875169771/001/pid: no such file or directory
FAIL
FAIL	github.com/sunholo-data/ailang-world/host/pkgproj	43.122s
ok  	github.com/sunholo-data/ailang-world/host/procbound	3.535s
ok  	github.com/sunholo-data/ailang-world/host/proctest	3.314s
ok  	github.com/sunholo-data/ailang-world/host/projection	10.265s
ok  	github.com/sunholo-data/ailang-world/host/registry	3.346s
ok  	github.com/sunholo-data/ailang-world/host/replay	43.499s
ok  	github.com/sunholo-data/ailang-world/host/runbook	7.368s
ok  	github.com/sunholo-data/ailang-world/host/store	19.411s
ok  	github.com/sunholo-data/ailang-world/host/transitionreg	44.653s
ok  	github.com/sunholo-data/ailang-world/host/verifygate	116.175s
ok  	github.com/sunholo-data/ailang-world/host/workbench	3.176s
FAIL
