go host build + test gate	go build + test gate (replay tests run against pinned AILANG_BIN)	﻿2026-10-01T22:45:57.9588020Z ##[group]Run ./scripts/verify_go.sh
go host build + test gate	go build + test gate (replay tests run against pinned AILANG_BIN)	2026-10-01T22:45:57.9588315Z ^[[36;1m./scripts/verify_go.sh^[[0m
go host build + test gate	go build + test gate (replay tests run against pinned AILANG_BIN)	2026-10-01T22:45:57.9625576Z shell: /usr/bin/bash -e {0}
go host build + test gate	go build + test gate (replay tests run against pinned AILANG_BIN)	2026-10-01T22:45:57.9625864Z env:
go host build + test gate	go build + test gate (replay tests run against pinned AILANG_BIN)	2026-10-01T22:45:57.9626049Z   Z3_VER: 4.16.0
go host build + test gate	go build + test gate (replay tests run against pinned AILANG_BIN)	2026-10-01T22:45:57.9626346Z   Z3_SHA: 7288c49a5bd6dbafd7b0b0d1f65956b91672da24b08f09242919af159be3418e
go host build + test gate	go build + test gate (replay tests run against pinned AILANG_BIN)	2026-10-01T22:45:57.9626709Z   GOTOOLCHAIN: go1.26.6
go host build + test gate	go build + test gate (replay tests run against pinned AILANG_BIN)	2026-10-01T22:45:57.9626939Z   AILANG_BIN: /home/runner/.local/bin/ailang
go host build + test gate	go build + test gate (replay tests run against pinned AILANG_BIN)	2026-10-01T22:45:57.9627208Z ##[endgroup]
go host build + test gate	go build + test gate (replay tests run against pinned AILANG_BIN)	2026-10-01T22:45:57.9947196Z ── AILANG_BIN=/home/runner/.local/bin/ailang (AILANG v0.41.0
go host build + test gate	go build + test gate (replay tests run against pinned AILANG_BIN)	2026-10-01T22:45:57.9947757Z Commit: 24ee108
go host build + test gate	go build + test gate (replay tests run against pinned AILANG_BIN)	2026-10-01T22:45:57.9948092Z Full:   24ee1088776e21cd06a3781ed18e77f40be06db3
go host build + test gate	go build + test gate (replay tests run against pinned AILANG_BIN)	2026-10-01T22:45:57.9948532Z Built:  2026-09-21T15:50:02Z
go host build + test gate	go build + test gate (replay tests run against pinned AILANG_BIN)	2026-10-01T22:45:57.9948723Z
go host build + test gate	go build + test gate (replay tests run against pinned AILANG_BIN)	2026-10-01T22:45:57.9948890Z The AI-First Programming Language
go host build + test gate	go build + test gate (replay tests run against pinned AILANG_BIN)	2026-10-01T22:45:57.9949245Z Copyright (c) 2025-2026)
go host build + test gate	go build + test gate (replay tests run against pinned AILANG_BIN)	2026-10-01T22:45:57.9949750Z ── tracked-binary hygiene gate
go host build + test gate	go build + test gate (replay tests run against pinned AILANG_BIN)	2026-10-01T22:45:58.1156942Z    ✓ 0 binary blobs among 1440 tracked files
go host build + test gate	go build + test gate (replay tests run against pinned AILANG_BIN)	2026-10-01T22:45:58.1157725Z ── World mission-input gate (decision ledger)
go host build + test gate	go build + test gate (replay tests run against pinned AILANG_BIN)	2026-10-01T22:45:58.1244889Z decision ledger valid: 35 rows
go host build + test gate	go build + test gate (replay tests run against pinned AILANG_BIN)	2026-10-01T22:45:58.1248030Z    World decision-ledger validated; centralized runtime currency is NOT certified here.
go host build + test gate	go build + test gate (replay tests run against pinned AILANG_BIN)	2026-10-01T22:45:58.1327450Z    ✓ toolchain floor gate: go1.26.6 >= root module floor go1.26.6
go host build + test gate	go build + test gate (replay tests run against pinned AILANG_BIN)	2026-10-01T22:45:58.1328158Z ── race-detector known-positive control
go host build + test gate	go build + test gate (replay tests run against pinned AILANG_BIN)	2026-10-01T22:45:58.1352337Z go version go1.26.6 linux/amd64
go host build + test gate	go build + test gate (replay tests run against pinned AILANG_BIN)	2026-10-01T22:46:05.0096891Z ==================
go host build + test gate	go build + test gate (replay tests run against pinned AILANG_BIN)	2026-10-01T22:46:05.0097386Z WARNING: DATA RACE
go host build + test gate	go build + test gate (replay tests run against pinned AILANG_BIN)	2026-10-01T22:46:05.0097722Z Read at 0x00c000018158 by goroutine 8:
go host build + test gate	go build + test gate (replay tests run against pinned AILANG_BIN)	2026-10-01T22:46:05.0098121Z   main.main.func1()
go host build + test gate	go build + test gate (replay tests run against pinned AILANG_BIN)	2026-10-01T22:46:05.0099340Z       /home/runner/work/ailang-world/ailang-world/design_docs/verification/w-race-gate-blindspot/racecontrol/main.go:16 +0x99
go host build + test gate	go build + test gate (replay tests run against pinned AILANG_BIN)	2026-10-01T22:46:05.0100193Z
go host build + test gate	go build + test gate (replay tests run against pinned AILANG_BIN)	2026-10-01T22:46:05.0100392Z Previous write at 0x00c000018158 by goroutine 9:
go host build + test gate	go build + test gate (replay tests run against pinned AILANG_BIN)	2026-10-01T22:46:05.0100840Z   main.main.func1()
go host build + test gate	go build + test gate (replay tests run against pinned AILANG_BIN)	2026-10-01T22:46:05.0101802Z       /home/runner/work/ailang-world/ailang-world/design_docs/verification/w-race-gate-blindspot/racecontrol/main.go:16 +0xab
go host build + test gate	go build + test gate (replay tests run against pinned AILANG_BIN)	2026-10-01T22:46:05.0102379Z
go host build + test gate	go build + test gate (replay tests run against pinned AILANG_BIN)	2026-10-01T22:46:05.0102536Z Goroutine 8 (running) created at:
go host build + test gate	go build + test gate (replay tests run against pinned AILANG_BIN)	2026-10-01T22:46:05.0102849Z   main.main()
go host build + test gate	go build + test gate (replay tests run against pinned AILANG_BIN)	2026-10-01T22:46:05.0103595Z       /home/runner/work/ailang-world/ailang-world/design_docs/verification/w-race-gate-blindspot/racecontrol/main.go:13 +0x7d
go host build + test gate	go build + test gate (replay tests run against pinned AILANG_BIN)	2026-10-01T22:46:05.0103967Z
go host build + test gate	go build + test gate (replay tests run against pinned AILANG_BIN)	2026-10-01T22:46:05.0104070Z Goroutine 9 (finished) created at:
go host build + test gate	go build + test gate (replay tests run against pinned AILANG_BIN)	2026-10-01T22:46:05.0104311Z   main.main()
go host build + test gate	go build + test gate (replay tests run against pinned AILANG_BIN)	2026-10-01T22:46:05.0104888Z       /home/runner/work/ailang-world/ailang-world/design_docs/verification/w-race-gate-blindspot/racecontrol/main.go:13 +0x7d
go host build + test gate	go build + test gate (replay tests run against pinned AILANG_BIN)	2026-10-01T22:46:05.0105622Z ==================
go host build + test gate	go build + test gate (replay tests run against pinned AILANG_BIN)	2026-10-01T22:46:05.0105816Z ==================
go host build + test gate	go build + test gate (replay tests run against pinned AILANG_BIN)	2026-10-01T22:46:05.0106006Z WARNING: DATA RACE
go host build + test gate	go build + test gate (replay tests run against pinned AILANG_BIN)	2026-10-01T22:46:05.0106216Z Write at 0x00c000018158 by goroutine 8:
go host build + test gate	go build + test gate (replay tests run against pinned AILANG_BIN)	2026-10-01T22:46:05.0106474Z   main.main.func1()
go host build + test gate	go build + test gate (replay tests run against pinned AILANG_BIN)	2026-10-01T22:46:05.0107083Z       /home/runner/work/ailang-world/ailang-world/design_docs/verification/w-race-gate-blindspot/racecontrol/main.go:16 +0xab
go host build + test gate	go build + test gate (replay tests run against pinned AILANG_BIN)	2026-10-01T22:46:05.0107462Z
go host build + test gate	go build + test gate (replay tests run against pinned AILANG_BIN)	2026-10-01T22:46:05.0107581Z Previous write at 0x00c000018158 by goroutine 9:
go host build + test gate	go build + test gate (replay tests run against pinned AILANG_BIN)	2026-10-01T22:46:05.0107855Z   main.main.func1()
go host build + test gate	go build + test gate (replay tests run against pinned AILANG_BIN)	2026-10-01T22:46:05.0108438Z       /home/runner/work/ailang-world/ailang-world/design_docs/verification/w-race-gate-blindspot/racecontrol/main.go:16 +0xab
go host build + test gate	go build + test gate (replay tests run against pinned AILANG_BIN)	2026-10-01T22:46:05.0108818Z
go host build + test gate	go build + test gate (replay tests run against pinned AILANG_BIN)	2026-10-01T22:46:05.0108922Z Goroutine 8 (running) created at:
go host build + test gate	go build + test gate (replay tests run against pinned AILANG_BIN)	2026-10-01T22:46:05.0109149Z   main.main()
go host build + test gate	go build + test gate (replay tests run against pinned AILANG_BIN)	2026-10-01T22:46:05.0110019Z       /home/runner/work/ailang-world/ailang-world/design_docs/verification/w-race-gate-blindspot/racecontrol/main.go:13 +0x7d
go host build + test gate	go build + test gate (replay tests run against pinned AILANG_BIN)	2026-10-01T22:46:05.0110404Z
go host build + test gate	go build + test gate (replay tests run against pinned AILANG_BIN)	2026-10-01T22:46:05.0110515Z Goroutine 9 (finished) created at:
go host build + test gate	go build + test gate (replay tests run against pinned AILANG_BIN)	2026-10-01T22:46:05.0110790Z   main.main()
go host build + test gate	go build + test gate (replay tests run against pinned AILANG_BIN)	2026-10-01T22:46:05.0112036Z       /home/runner/work/ailang-world/ailang-world/design_docs/verification/w-race-gate-blindspot/racecontrol/main.go:13 +0x7d
go host build + test gate	go build + test gate (replay tests run against pinned AILANG_BIN)	2026-10-01T22:46:05.0112955Z ==================
go host build + test gate	go build + test gate (replay tests run against pinned AILANG_BIN)	2026-10-01T22:46:05.0113178Z control finished, shared = 35948
go host build + test gate	go build + test gate (replay tests run against pinned AILANG_BIN)	2026-10-01T22:46:05.0113418Z Found 2 data race(s)
go host build + test gate	go build + test gate (replay tests run against pinned AILANG_BIN)	2026-10-01T22:46:05.0113619Z exit status 66
go host build + test gate	go build + test gate (replay tests run against pinned AILANG_BIN)	2026-10-01T22:46:05.0114048Z ── go build ./...
go host build + test gate	go build + test gate (replay tests run against pinned AILANG_BIN)	2026-10-01T22:46:05.0137326Z go version go1.26.6 linux/amd64
go host build + test gate	go build + test gate (replay tests run against pinned AILANG_BIN)	2026-10-01T22:46:05.0527276Z go: downloading github.com/sunholo-data/ailang v0.47.2
go host build + test gate	go build + test gate (replay tests run against pinned AILANG_BIN)	2026-10-01T22:46:05.0583937Z go: downloading modernc.org/sqlite v1.54.0
go host build + test gate	go build + test gate (replay tests run against pinned AILANG_BIN)	2026-10-01T22:46:07.0386730Z go: downloading golang.org/x/sys v0.48.0
go host build + test gate	go build + test gate (replay tests run against pinned AILANG_BIN)	2026-10-01T22:46:07.3811454Z go: downloading modernc.org/libc v1.74.1
go host build + test gate	go build + test gate (replay tests run against pinned AILANG_BIN)	2026-10-01T22:46:08.5920200Z go: downloading github.com/dustin/go-humanize v1.0.1
go host build + test gate	go build + test gate (replay tests run against pinned AILANG_BIN)	2026-10-01T22:46:08.6403273Z go: downloading github.com/google/uuid v1.6.0
go host build + test gate	go build + test gate (replay tests run against pinned AILANG_BIN)	2026-10-01T22:46:08.6891463Z go: downloading modernc.org/mathutil v1.7.1
go host build + test gate	go build + test gate (replay tests run against pinned AILANG_BIN)	2026-10-01T22:46:08.7447974Z go: downloading modernc.org/memory v1.11.0
go host build + test gate	go build + test gate (replay tests run against pinned AILANG_BIN)	2026-10-01T22:46:08.7994562Z go: downloading github.com/remyoudompheng/bigfft v0.0.0-20230129092748-24d4a6f8daec
go host build + test gate	go build + test gate (replay tests run against pinned AILANG_BIN)	2026-10-01T22:46:31.9662485Z ── focused host/evidence named-manifest gate (37 exact top-level tests)
go host build + test gate	go build + test gate (replay tests run against pinned AILANG_BIN)	2026-10-01T22:46:42.1742969Z    ✓ all 37 required top-level evidence tests passed exactly once
go host build + test gate	go build + test gate (replay tests run against pinned AILANG_BIN)	2026-10-01T22:46:42.1785802Z ── go test ./... -count=1
go host build + test gate	go build + test gate (replay tests run against pinned AILANG_BIN)	2026-10-01T22:46:42.1810363Z go version go1.26.6 linux/amd64
go host build + test gate	go build + test gate (replay tests run against pinned AILANG_BIN)	2026-10-01T22:46:45.0198820Z ok  	github.com/sunholo-data/ailang-world/cmd/ailang-worldd	1.046s
go host build + test gate	go build + test gate (replay tests run against pinned AILANG_BIN)	2026-10-01T22:46:56.0894617Z ok  	github.com/sunholo-data/ailang-world/cmd/world-publish	12.091s
go host build + test gate	go build + test gate (replay tests run against pinned AILANG_BIN)	2026-10-01T22:46:56.0895277Z ok  	github.com/sunholo-data/ailang-world/host/archive	3.843s
go host build + test gate	go build + test gate (replay tests run against pinned AILANG_BIN)	2026-10-01T22:46:56.0895786Z ok  	github.com/sunholo-data/ailang-world/host/authority	0.140s
go host build + test gate	go build + test gate (replay tests run against pinned AILANG_BIN)	2026-10-01T22:46:56.0896318Z ok  	github.com/sunholo-data/ailang-world/host/boundary	2.657s
go host build + test gate	go build + test gate (replay tests run against pinned AILANG_BIN)	2026-10-01T22:47:58.0424386Z ok  	github.com/sunholo-data/ailang-world/host/broker	71.643s
go host build + test gate	go build + test gate (replay tests run against pinned AILANG_BIN)	2026-10-01T22:47:58.0424880Z ok  	github.com/sunholo-data/ailang-world/host/canon	0.002s
go host build + test gate	go build + test gate (replay tests run against pinned AILANG_BIN)	2026-10-01T22:47:58.0425238Z ok  	github.com/sunholo-data/ailang-world/host/capsule	17.016s
go host build + test gate	go build + test gate (replay tests run against pinned AILANG_BIN)	2026-10-01T22:47:58.0425635Z ok  	github.com/sunholo-data/ailang-world/host/childenv	0.002s
go host build + test gate	go build + test gate (replay tests run against pinned AILANG_BIN)	2026-10-01T22:47:58.0425971Z --- FAIL: TestDispatchDurableDeadline (1.12s)
go host build + test gate	go build + test gate (replay tests run against pinned AILANG_BIN)	2026-10-01T22:47:58.0426363Z     --- FAIL: TestDispatchDurableDeadline/Commit (0.42s)
go host build + test gate	go build + test gate (replay tests run against pinned AILANG_BIN)	2026-10-01T22:47:58.0427461Z         coordinator_test.go:632: err coordinator: invocation a2a:ep1:t1 outcome not confirmed: store: append intent outcome is uncertain (reconcile before any retry): context deadline exceeded, want definite R11
go host build + test gate	go build + test gate (replay tests run against pinned AILANG_BIN)	2026-10-01T22:47:58.0428101Z FAIL
go host build + test gate	go build + test gate (replay tests run against pinned AILANG_BIN)	2026-10-01T22:47:58.0428370Z FAIL	github.com/sunholo-data/ailang-world/host/coordinator	7.697s
go host build + test gate	go build + test gate (replay tests run against pinned AILANG_BIN)	2026-10-01T22:48:30.9495382Z ok  	github.com/sunholo-data/ailang-world/host/daemon	93.170s
go host build + test gate	go build + test gate (replay tests run against pinned AILANG_BIN)	2026-10-01T22:48:30.9496368Z ok  	github.com/sunholo-data/ailang-world/host/evidence	6.709s
go host build + test gate	go build + test gate (replay tests run against pinned AILANG_BIN)	2026-10-01T22:48:30.9496911Z ok  	github.com/sunholo-data/ailang-world/host/hashref	0.004s
go host build + test gate	go build + test gate (replay tests run against pinned AILANG_BIN)	2026-10-01T22:48:30.9497360Z ok  	github.com/sunholo-data/ailang-world/host/pkgproj	11.528s
go host build + test gate	go build + test gate (replay tests run against pinned AILANG_BIN)	2026-10-01T22:48:30.9497742Z ok  	github.com/sunholo-data/ailang-world/host/procbound	0.017s
go host build + test gate	go build + test gate (replay tests run against pinned AILANG_BIN)	2026-10-01T22:48:30.9498093Z ok  	github.com/sunholo-data/ailang-world/host/proctest	0.002s
go host build + test gate	go build + test gate (replay tests run against pinned AILANG_BIN)	2026-10-01T22:48:30.9498591Z ok  	github.com/sunholo-data/ailang-world/host/projection	7.400s
go host build + test gate	go build + test gate (replay tests run against pinned AILANG_BIN)	2026-10-01T22:48:30.9499053Z ok  	github.com/sunholo-data/ailang-world/host/registry	0.014s
go host build + test gate	go build + test gate (replay tests run against pinned AILANG_BIN)	2026-10-01T22:48:30.9499396Z ok  	github.com/sunholo-data/ailang-world/host/replay	10.480s
go host build + test gate	go build + test gate (replay tests run against pinned AILANG_BIN)	2026-10-01T22:48:30.9499938Z ok  	github.com/sunholo-data/ailang-world/host/runbook	0.856s
go host build + test gate	go build + test gate (replay tests run against pinned AILANG_BIN)	2026-10-01T22:48:30.9500292Z ok  	github.com/sunholo-data/ailang-world/host/store	13.385s
go host build + test gate	go build + test gate (replay tests run against pinned AILANG_BIN)	2026-10-01T22:48:30.9500651Z ok  	github.com/sunholo-data/ailang-world/host/transitionreg	0.445s
go host build + test gate	go build + test gate (replay tests run against pinned AILANG_BIN)	2026-10-01T22:48:30.9501027Z ok  	github.com/sunholo-data/ailang-world/host/verifygate	49.371s
go host build + test gate	go build + test gate (replay tests run against pinned AILANG_BIN)	2026-10-01T22:48:30.9501377Z ok  	github.com/sunholo-data/ailang-world/host/workbench	0.007s
go host build + test gate	go build + test gate (replay tests run against pinned AILANG_BIN)	2026-10-01T22:48:30.9501652Z FAIL
go host build + test gate	go build + test gate (replay tests run against pinned AILANG_BIN)	2026-10-01T22:48:30.9975006Z ##[error]Process completed with exit code 1.
